steps:
- key: A
  label: A
- depends_on:
  - A
  key: B
  label: B
  skip: skipped due to lack of changes
- depends_on:
  - A
  key: C
  label: C
  skip: skipped due to lack of changes
- depends_on:
  - B
  key: D
  label: D
  skip: skipped due to lack of changes
- depends_on:
  - C
  key: E
  label: E
  skip: skipped due to lack of changes
- depends_on:
  - D
  key: F
  label: F
  skip: skipped due to lack of changes
- depends_on:
  - E
  - D
  key: G
  label: G
  skip: skipped due to lack of changes
- depends_on:
  - E
  key: H
  label: H
  skip: skipped due to lack of changes
- wait
- depends_on:
  - A
  key: X
  label: X
